Interface residues:
chain_ID_A: A
residue_A:   18    21    22    25    28    41    42    45    46    47    48    51    52    56    61    62    63    64    65    67    68   153   156   157   160   161   163   164   165   167   168   171   178 
chain_ID_B: B
residue_B:   11    12    30    33    34    35    57    60    61    62    63    64    65    67    79    80    81    82    83    85    86   119   120   121   122   123   124   126   172   173   174   175 
Alignments:
PDB   chA chB ifResNum alnResNum score ifSeqA ifSeqB
query   A   B   65   65  1.000  HHQFYKYLQNPSLEPSNRETQYRKDKETFRICC RERQEWSTSIWIPCEKCFSDEDIQKGWVRNSG
aln0    A   B   65   50  0.987  HHVTFLFTFNG--SPEDKEAQ------------ KEYKERKTSLWKTTSIPYTEVDVRSGWT-DHG
aln1    A   B   65   53  0.948  QHQAYRYIQNVFFEPLGKNAQSKKHKETYRLCC LE------------QKCFSEEDVQKGWVRNSE
aln2    A   B   65   65  0.988  QHQAYRYIQNAAFEPTGKEAQSKKHKETYRVCC LERQEWSTSIWIPCQKCFTDEDVLKGWIRSFE
aln3    A   B   65   58  0.998  HHTTFFMVIND--SPEDKEALRRRHKDNFKVC- KETKEGKTSIWKIIPLYVDTYDVKTGWT----
aln4    A   B   65   65  0.992  QHQAYRYIQNAAFEPTGKEAQSKKHKETYRVCC LERHEWSTSIWIPCEKCFTDEDVLKGWIRSFE
aln5    A   B   65   62  0.999  HHTTFDRIAK-NDSPEDKEAQRRRHKDNYKFC- KETKEGKTSIWKIISDPLYDVDVKTGWT-DHG
aln6    A   B   65   64  0.993  HHSSSGPFTQASMAPAGKEAHRRRHKDNYKFCC KETKEGKTSLWSVIERLVDAYDTASGWL-DHG
aln7    A   B   65   65  0.960  QHQAYRYIHNTAFEPTDKEAQSRKHRETYRVCC LERQEQSTSIWKPCEKCFYEEDVKKGWMQNSD
aln8    A   B   65   59  0.990  HHNSFGRITKTS-SPEDKEAQHRRHKDNYKLC- KEIKEGKTSIWTIIPRYVDTYDVRSGWI----
aln9    A   B   65   37  0.959  -----RYIQNAAFEPTGKDAQSKKHKETYRVCC LERQEWSTS-----------------------
aln10   A   B   65   65  0.966  QHQAYRHIQSTAFEPTGKDAQSKKHKETYRVCC LEREEWSTSIWTPCKRCFTDEDVQKGWLRTSE
aln11   A   B   65   62  0.993  HHSSFGRITKAS-SPEDKEAQHRRHKDNYKLC- KEKESLKTSIWMIIEPHYDTYDVRSGWT-DHG
aln12   A   B   65   63  0.955  DHSTYEL--GKGKAPNGKEAQHRRNKQSYKICC QEREEWTTSIWITCEKCFSDEDVQKGWTRASE
aln13   A   B   65   62  0.992  HHSAFGRIAKAS-SPEDKEAQHRRNKDNYKLC- KEFKEGKTSIWRTTSDSYYDNDLRSGWT-DHG
aln14   A   B   65   63  0.968  QHLTFRQ-KNSAIEPTGKDAQSKKHKETYKVC- MEREAGTTSVWVPCEKCLREDDVKNGWTASGG
aln15   A   B   65   57  0.990  HHNSFGRITKAS-SPEDKEAQHRRHKDNYKLC- KEIKEGKTSIWKMISDPLYD-DVRSG-T----
aln16   A   B   65   62  0.994  HHNSFGRITKAS-SPEDKEAQHRRHKDNYKLC- KETKEGKTSIWKLISDPLYDVDVRSGWT-DHG
aln17   A   B   65   60  0.800  SHASHIIRK----YPDDKEAQYKRNKKNYRIC- MEEYVLSTTVWNVCQHCLDADDLQYGWTKNSQ
aln18   A   B   65   62  0.991  THSNHHVVSHN--SPNGKGAQYRRNKHNYKLCC KEYKENKTSIWVNNSDSVDDVDTRSGWT-DHG
aln19   A   B   65   63  0.967  EFRECQL-TNQNAKPSSKSIQSKKHKEILKLC- MEKQTPETTVWTFTENIIDADDVEMGWRLGGK
aln20   A   B   65   62  0.989  QQTMYFLGIVP--APVTKEAQRRRNKNNLNICC KETREGKTSIWTIISKPLYDVDTRSGWS-DHG
aln21   A   B   65   65  0.956  QHQAYRYIQNAAFEPTGKDAQSKKHKETYRVCC LERQEWSTSIWIPCQKCFSEEDVQKGWVRNSE
aln22   A   B   65   62  0.992  HHNSFGRITKAS-SPEDKEAQHRRHKDNYKLC- KETKEGKTSIWTIIPRYVDTYDIRSGWT-DHG
aln23   A   B   65   63  0.968  QHQAYRYIQNAAYEPTGKEARSKKHKETYRFCC --RQEWATSIWVPCQKCFSEEDVQKGWVMSTS
aln24   A   B   65   58  0.991  HHNSFRWTR--NGSPEDKEAQHRRHKDNYKLC- KETKEGKTSIWTMISDPYYDVDVKSGWT----
aln25   A   B   65   52  0.994  HHFSFGRIAKAS-APEDKEAQ------------ KELKEGKTSFWTINPHYVDTYDVRSGWTDHHG
aln26   A   B   65   64  0.985  QHLAYRH-KNSAYEPTGKEAQSKKHKETYKVCC MESEDWATSVWTPCKKCFSDEDVRKGWTRTSE
aln27   A   B   65   62  0.993  HHNSFGRITKAS-SPEDKEAQHRRHKDNYKLC- KETREGKTSMWRTIELYVDTYDLKTGWT-DHG
aln28   A   B   65   64  0.956  HHQIYKHLHDSS-DPSNMETQHRKDKETFRICC RERQEWSTSIWIPCEKCFSDEDIQKGWVRNSG
aln29   A   B   65   63  0.903  EYRECPLQRNQYSRPSSRSVQSKKHKEAFKLC- QA-NSLNTSIWIPCEDCFRENDVKTGWRRSFV
aln30   A   B   65   60  0.958  DHSTTRL---PSVAPNDKEALSRRHKDSFKIC- KEHKESKTAIWVNNSDPVEDVDTRSGWT-DHG
aln31   A   B   65   60  0.991  HHTTFRNMARAS-SPTDKEVLHRRHKDSYKLC- KELIEGKTVIWAINEPGFDAYDVKSGWT---G
aln32   A   B   65   63  0.965  QHLAYRYKNSPAFEPTGKEAQAKKHKETYKVCC --IETWSTSVWIGTKYSVSEEDVPRGWTHING
aln33   A   B   65   64  0.988  QHQAIRQKIFPSFDPTGKDTQAKKHKETYRVCC QV-KALKTRIWTSCEACFTENDVKTGWSSAFN
aln34   A   B   65   60  0.996  DHYTTGM---PSLSPNDKDAMSRRHKDSFKVC- KEYLENKTSLWVNNEPVVDVYDTRSGWT-DHG
aln35   A   B   65   56  0.960  SHGNHHI--NRRNSPNGKEAQFRRNKQSYKICC ------KTSIWVNNEPVVDAYDTRSGWTIH-G
aln36   A   B   65   63  0.932  EYRECRL-RNQNTKPTSKNLQCKKHKETIKLC- QAGRVFSTTIWTSCEHCFSENDVSMGWSKAFT
aln37   A   B   65   62  0.988  AHGNHQIVSRN--SPNGKEAQYRRNKQNYKICC KEYKEGKTSIWVNNTFSNPDYDTRSGWT-DHG
aln38   A   B   65   61  0.971  EYRES-FLQSNAYKPSSKSVQSKKHKETFKLC- QEKP--ATSVWIPCDDCFTENDVGVGWRQAFV
aln39   A   B   65   61  0.972  EYRECR-LQSNGAKPSSKSIQTKKHKETFKLC- LEKP--ATSVWLPCEDCFTENDVQAGWRQAFT
aln40   A   B   65   62  0.989  AHGNHQIVSRN--SPNGKEAQYRRSKQNYKICC KEEEKEKTSIWVNNSDPLNDVDTRSGWT-DHG
aln41   A   B   65   59  0.942  QHLQFRKLQDH--DPLDKHTQAKKHKETYTVCC MEQLSAETTVWTQAEVFFNQDDVKMGWT----
aln42   A   B   65   57  0.946  DHATTVL------SPTDKEALSRRHKDSFKVC- KEYKEGKTLIWVSNSDPLDDVDTRSGWT-DHG
aln43   A   B   65   63  0.895  EYRECR-LQSNGFKPSSKSIESKKHKETFKLC- MMHPPLQTSIWTYNEKGFFNDDVETGWKLGGK
aln44   A   B   65   63  0.769  THLQFRQLQD--FDPIDKHTQAKKHKETYTVCC QEKEPPETSIWITCDDCFTENDVRLGWRQAFI
aln45   A   B   65   61  0.995  HHSSF--LAKSS-SPEDKEAQHRRHKDNYKLCC KVLKENKTSFWIFHEESVDTYDVQSGWT-DSG
aln46   A   B   65   65  0.982  QHMAHRRMKNTVSEPTDKDTHSKKHKETYKVCC QEKANWKTSIWVSCDYCFSDDDVTSGWSLSNG
aln47   A   B   65   59  0.998  HHYSFGRITKAG-SPEDKEAQHRRHKDNYKVC- KELKEGKTSFWTINPHYVDTYDVRSGWT----
aln48   A   B   65   64  0.974  QHLAYRY-KNSAFEPTGKDAQSKKHKETYKVCC LEREDWTTSIWIPCEKCFSDEDVQKGWTRTSE
aln49   A   B   65   63  0.991  HHFSFGRITKAG-SPEDKETQHRRHKDNYKVC- KELKEGKTSFWTVTPHYVDTYDVRSGWTDHHG
aln50   A   B   65   63  0.996  HHSSFGRITKAS-APEDKEAQHRRHKDNYKLC- KEFKEGKTTMWKVSDTYYAAYDVRIGWTMNNG
aln51   A   B   65   59  0.993  HHSSFGRITKAS-SPEDKEAQHRRHKDNYKLC- KEFKEGKTSIWMVIPRYVDTYDVRSGWT----
aln52   A   B   65   62  0.967  QHQAYRHIQSTAFEPTGKDAQSKKHKETYRVCC LER---STSIWTRCKRCFTDEDVQKGWLRTSD
aln53   A   B   65   46  0.960  QHQAYRHIQSTAFEPTGKDAQSKNHKETYRVCC LE-------------------DVQKGWLRTSD
aln54   A   B   65   61  0.961  QHQAYRYVQKGGLEPSGKDAQSKKHKETYRVCC LERKEWSTSIWIPCQRCFSEEDVQKGWV----
aln55   A   B   65   58  0.987  HHSTFGRIARAK-SPEDKEAQYRRHKDSYKL-- KETKEGKTSIWTIIPRYVDTYDIRTGWI----
aln56   A   B   65   53  0.980  QHQAYRYLQNAAFEPTGKEAQ------------ LERLEWSTSIWILCEKCFSEEDVQKGWVRNFE
aln57   A   B   65   54  0.993  HHSSFGRITKAS-SPEDKEAQHRRHKDNYKLCC ------KTSIWKMIPLYVDTYDVRSGWT----
aln58   A   B   65   60  0.993  -----KYLQNPSLEPFNKGTAYWRDKETFRICC LERQEGSTSIWIPCEKCFSNQDIQKGWVRKSE
aln59   A   B   65   59  0.996  HHNSFGRISKAS-SPEDKEAQHRRHKDNYKLC- KEAKEGKTSMWRTIEIYVDTYDLKTGWT----
aln60   A   B   65   65  0.972  HHKFYKYLRNPSLEPSNKETQYRKNKETFRTCC RERQGQSTSVWIPCGKCFSDEDIQKGWVRNSR
aln61   A   B   65   62  0.998  HHNSFGRITRAS-SPEDKEAQHRRHKDNYKLC- KETREGKTSMWRTVELYVDTYDLKTGWT-DHG
aln62   A   B   65   34  0.800  HHQIYKYLHNSSFDPSNMETQ------------ -------------CSPLMSQPPFP----LD--
aln63   A   B   65   62  0.996  HHNSFGRITKAS-SPEDKEAQHRRHKDNYKLC- KETREGKTSMWRTIELYVDTYDLKTGWT-DHG
aln64   A   B   65   53  0.975  HHQFYKYLQNPSLEPSNRETQ------------ RERQEWSTSIWIPCEKCFSDEDIQKGWVRNSG
aln65   A   B   65   62  0.994  HHNSFGRITKAS-SPEDKEAQHRRHKDNYKLC- KETREGKTSMWRTIELYVDTYDLKTGWT-DHG
aln66   A   B   65   65  0.990  RYQYYKYLQNPSLEPSNRVTQYRKDKETFRICC RERQEWSTSIWIPCEKCFSDEDIQKGWVRNSG
aln67   A   B   65   62  0.996  HHNSFGRITKAS-SPEDKEAQHRRHKDNYKLC- KETREGKTSMWRTIELYVDTYDLKTGWT-DHG
aln68   A   B   65   65  0.968  HHQIYKYLHGSSFDPSNMETQYRKDKETFRICC RERQEWSTSIWIPCEKCFSDEDIQKGWVRNSG
aln69   A   B   65   65  0.997  HHQFYKYLQNPSLEPSNRETQYRKDKETFRICC RERQEWSTSIWIPCEKCFSDEDIQKGWVRNSG
aln70   A   B   65   62  0.999  HHNSFGRITKAS-SPEDKEAQHRRHKDNYKLC- KETREGKTSMWRTIELYVDTYDLKTGWT-DHG
aln71   A   B   65   62  0.996  HHNSFGRITKAS-SPEDKEAQHRRHKDNYKLC- KETKEGKTSIWTMIPRYVDTYDVRSGWT-DHG
aln72   A   B   65   65  0.972  QHQAYRYIQNAAFEPTGKDAQSKKHKETYRVCC LERQEWSTSIWIPCQKCFSEEDVQKGWVRNSE
aln73   A   B   65   62  0.993  HHNSFGRITKAS-SPEDKEAQHRRHKDNYKLC- KERGETKTSIWTMIPRYVDTYDVRSGWT-DHG
aln74   A   B   65   65  0.970  QHQAYRYIQNAAFEPTGKDAQSKKHKETYRVCC LERQEWSTSIWIPCQKCFSEEDVQKGWVRNSE
aln75   A   B   65   65  0.971  QHQAYRYIQNAAFEPTGKDAQSKKHKETYRVCC LERQEWSTSIWIPCQKCFSEEDVRKGWVRNSE
aln76   A   B   65   62  0.992  HHNSFGRITKAS-SPEDKEAQHRRHKDNYKLC- KETKEGKTSIWTMIPRYVDTYDVRSGWT-DHG
aln77   A   B   65   62  0.993  HHNSFGRITKAS-SPEDKEAQHRRHKDSYKLC- KETKEGKTSIWTMIPRYVDTYDVRSGWT-DHG
aln78   A   B   65   65  0.970  QHQAYRYIQNAAFEPTGKDAQSKKHKETYRVCC LERQEWSTSIWIPCQKCFSEEDVQKGWVRNSE
aln79   A   B   65   62  0.990  HHNSFGRITKAS-SPEDKEAQHRRHKDSYKLC- KETKEGKTSIWTIIPRYVDTYDVRSGWT-DHG
aln80   A   B   65   59  0.994  HHSSFGRIPRAS-SPEDKEAQRSRHKDSYKLC- KETKEGKTSIWKINPHYVDIYDINSGWT----
aln81   A   B   65   65  0.967  QHQAYRYIQNAAFEPTGKDAQSKKHKETYRVCC LERQEWSTSIWIPCQKCFSEEDVHKGWVRNFE
aln82   A   B   65   65  0.967  QHQAYRYIQNAAFEPTGKDAQSKKHKETYRVCC LERQEWSTSIWIPCQKCFSEEDVQKGWVRNSE
aln83   A   B   65   62  0.995  HHNSFGRVTKAS-SPEDKEAQHRRHKDNYKLC- KETKEGKTSIWTIIPRYVDTYDVRSGWT-DHG
aln84   A   B   65   46  0.960  SGYLFYEVFNS--TPENKQSQYRKIKDTFKICC LE-----------------DDDVSKGWIRYSE
aln85   A   B   65   65  0.978  QHQAYRYIQNAAFEPTGKDAQSKKHKETYRVCC LERQEWSTSIWIPCQKCFSEEDVQKGWVRNSE
aln86   A   B   65   62  0.998  HHNSFGRITKAS-SPEDKEAQHRRHKDNYKLC- KETKEGKTSIWTIIPRYVDTYDVRSGWT-DHG
aln87   A   B   65   65  0.985  QHQAFRYIQNTAFEPTGKNAQSRKHKETYRVCC LERQEWSTSVWTPCHKCFSEDDVKMGWIRNTE
aln88   A   B   65   62  0.998  HHDSFGKITMAS-SPEDKEAQHRRSKDTYKLC- KETKEGKTSIWKMVPLYVDTYDVKSGWI-DHG
aln89   A   B   65   59  0.996  HHKSFGRITKAS-SPEDKEAQHRRHKDNYKLC- KETKEGKTSIWTIIPRYVDTYDVRSGWT----
aln90   A   B   65   65  0.983  QHQAYRYIQNAAFEPTGKDAQSKKHKETYRVCC LERQEWSTSIWIPCQKCFSEEDVQKGWVRSSE
aln91   A   B   65   62  0.955  EYREC--PTNQNAKPSSKSIQSKKHKEILKLC- MERQSPETTVWTFTQKVLDADDVETGWRLAGK
aln92   A   B   65   60  0.981  DHSTSRV---PSMSPMDKEALSRRHKDSFKVC- KEYKENKTSLWVYNDSVIDVYDTRSGWT-DHG
